Right [IdentifierT "bad"
LiteralT (IntL 0)
LiteralT (IntL 9)]