Right [LiteralT (CharL 34)
LiteralT (CharL 34)
LiteralT (CharL 39)
LiteralT (CharL 92)
LiteralT (CharL 98)
LiteralT (CharL 48)
LiteralT (CharL 10)]