Right [LiteralT (DoubleL 12.34)
LiteralT (DoubleL 12.0)
LiteralT (DoubleL 12.34)
LiteralT (DoubleL 12000.0)
LiteralT (DoubleL 1.2e-2)
LiteralT (FloatL 12.0)
LiteralT (DoubleL 123.0)
LiteralT (FloatL 123.0)
LiteralT (DoubleL 0.123)
IdentifierT "ef"]