Right [KeywordT PublicK
KeywordT ClassK
IdentifierT "Lex20"
SeparatorT LBraceS
SeparatorT RBraceS]