Right [OperatorT DivideO
OperatorT TimesO
KeywordT ThisK
IdentifierT "is"
IdentifierT "an"
IdentifierT "unterminated"
IdentifierT "comment"]